// Jest Snapshot v1, https://goo.gl/fbAQLP

exports[`The Gallery component render the gallery component 1`] = `
<Gallery
  gallery={
    Array [
      Object {
        "key": "test",
        "name": "test name",
        "svgURL": "test.svg",
      },
    ]
  }
  loadIcons={[Function]}
  openModal={[Function]}
>
  <div
    className="container gallery"
  >
    <h3>
      Gallery Icons
    </h3>
    <ul>
      <li
        key="0-test name"
        onClick={[Function]}
      >
        <img
          alt="test name"
          height="45px"
          src="test.svg"
          width="45px"
        />
      </li>
    </ul>
  </div>
</Gallery>
`;

exports[`The Gallery component render the loading instead of the gallery component 1`] = `
<Gallery
  loadIcons={[Function]}
  openModal={[Function]}
>
  <Loading>
    <div
      className="loading"
    >
      <h3>
        Application is Loading
      </h3>
    </div>
  </Loading>
</Gallery>
`;
