// Jest Snapshot v1, https://goo.gl/fbAQLP

exports[`The loading component should render 1`] = `
<Loading>
  <div
    className="loading"
  >
    <h3>
      Application is Loading
    </h3>
  </div>
</Loading>
`;
